
Discarded input sections

 .text          0x00000000        0x0 ..\obj\stm32f4xx_syscfg.o
 .data          0x00000000        0x0 ..\obj\stm32f4xx_syscfg.o
 .bss           0x00000000        0x0 ..\obj\stm32f4xx_syscfg.o
 .text.SYSCFG_DeInit
                0x00000000       0x1c ..\obj\stm32f4xx_syscfg.o
 .text.SYSCFG_MemoryRemapConfig
                0x00000000       0x20 ..\obj\stm32f4xx_syscfg.o
 .text.SYSCFG_EXTILineConfig
                0x00000000       0x84 ..\obj\stm32f4xx_syscfg.o
 .text.SYSCFG_ETH_MediaInterfaceConfig
                0x00000000       0x1c ..\obj\stm32f4xx_syscfg.o
 .text.SYSCFG_CompensationCellCmd
                0x00000000       0x20 ..\obj\stm32f4xx_syscfg.o
 .text.SYSCFG_GetCompensationCellStatus
                0x00000000       0x30 ..\obj\stm32f4xx_syscfg.o
 .debug_info    0x00000000      0x274 ..\obj\stm32f4xx_syscfg.o
 .debug_abbrev  0x00000000      0x133 ..\obj\stm32f4xx_syscfg.o
 .debug_aranges
                0x00000000       0x48 ..\obj\stm32f4xx_syscfg.o
 .debug_ranges  0x00000000       0x38 ..\obj\stm32f4xx_syscfg.o
 .debug_line    0x00000000      0x26d ..\obj\stm32f4xx_syscfg.o
 .debug_str     0x00000000      0x30a ..\obj\stm32f4xx_syscfg.o
 .comment       0x00000000       0x6f ..\obj\stm32f4xx_syscfg.o
 .debug_frame   0x00000000       0xf4 ..\obj\stm32f4xx_syscfg.o
 .ARM.attributes
                0x00000000       0x33 ..\obj\stm32f4xx_syscfg.o
 .text          0x00000000        0x0 ..\obj\stm32f4xx_usart.o
 .data          0x00000000        0x0 ..\obj\stm32f4xx_usart.o
 .bss           0x00000000        0x0 ..\obj\stm32f4xx_usart.o
 .text.USART_DeInit
                0x00000000       0xd4 ..\obj\stm32f4xx_usart.o
 .text.USART_StructInit
                0x00000000       0x38 ..\obj\stm32f4xx_usart.o
 .text.USART_ClockInit
                0x00000000       0x54 ..\obj\stm32f4xx_usart.o
 .text.USART_ClockStructInit
                0x00000000       0x2c ..\obj\stm32f4xx_usart.o
 .text.USART_SetPrescaler
                0x00000000       0x38 ..\obj\stm32f4xx_usart.o
 .text.USART_OverSampling8Cmd
                0x00000000       0x44 ..\obj\stm32f4xx_usart.o
 .text.USART_OneBitMethodCmd
                0x00000000       0x40 ..\obj\stm32f4xx_usart.o
 .text.USART_ReceiveData
                0x00000000       0x20 ..\obj\stm32f4xx_usart.o
 .text.USART_SetAddress
                0x00000000       0x38 ..\obj\stm32f4xx_usart.o
 .text.USART_ReceiverWakeUpCmd
                0x00000000       0x40 ..\obj\stm32f4xx_usart.o
 .text.USART_WakeUpConfig
                0x00000000       0x38 ..\obj\stm32f4xx_usart.o
 .text.USART_LINBreakDetectLengthConfig
                0x00000000       0x38 ..\obj\stm32f4xx_usart.o
 .text.USART_LINCmd
                0x00000000       0x40 ..\obj\stm32f4xx_usart.o
 .text.USART_SendBreak
                0x00000000       0x24 ..\obj\stm32f4xx_usart.o
 .text.USART_HalfDuplexCmd
                0x00000000       0x40 ..\obj\stm32f4xx_usart.o
 .text.USART_SetGuardTime
                0x00000000       0x3c ..\obj\stm32f4xx_usart.o
 .text.USART_SmartCardCmd
                0x00000000       0x40 ..\obj\stm32f4xx_usart.o
 .text.USART_SmartCardNACKCmd
                0x00000000       0x40 ..\obj\stm32f4xx_usart.o
 .text.USART_IrDAConfig
                0x00000000       0x38 ..\obj\stm32f4xx_usart.o
 .text.USART_IrDACmd
                0x00000000       0x40 ..\obj\stm32f4xx_usart.o
 .text.USART_DMACmd
                0x00000000       0x48 ..\obj\stm32f4xx_usart.o
 .text.USART_GetFlagStatus
                0x00000000       0x38 ..\obj\stm32f4xx_usart.o
 .text.USART_ClearFlag
                0x00000000       0x20 ..\obj\stm32f4xx_usart.o
 .text.USART_ClearITPendingBit
                0x00000000       0x38 ..\obj\stm32f4xx_usart.o
 .text          0x00000000        0x0 ..\obj\startup_stm32f4xx.o
 .data          0x00000000        0x0 ..\obj\startup_stm32f4xx.o
 .bss           0x00000000        0x0 ..\obj\startup_stm32f4xx.o
 .text          0x00000000        0x0 ..\obj\main.o
 .data          0x00000000        0x0 ..\obj\main.o
 .bss           0x00000000       0x41 ..\obj\main.o
 .text          0x00000000        0x0 ..\obj\stm32f4xx_rcc.o
 .bss           0x00000000        0x0 ..\obj\stm32f4xx_rcc.o
 .text.RCC_DeInit
                0x00000000       0x50 ..\obj\stm32f4xx_rcc.o
 .text.RCC_HSEConfig
                0x00000000       0x24 ..\obj\stm32f4xx_rcc.o
 .text.RCC_WaitForHSEStartUp
                0x00000000       0x50 ..\obj\stm32f4xx_rcc.o
 .text.RCC_AdjustHSICalibrationValue
                0x00000000       0x3c ..\obj\stm32f4xx_rcc.o
 .text.RCC_HSICmd
                0x00000000       0x20 ..\obj\stm32f4xx_rcc.o
 .text.RCC_LSEConfig
                0x00000000       0x40 ..\obj\stm32f4xx_rcc.o
 .text.RCC_LSICmd
                0x00000000       0x20 ..\obj\stm32f4xx_rcc.o
 .text.RCC_PLLConfig
                0x00000000       0x3c ..\obj\stm32f4xx_rcc.o
 .text.RCC_PLLCmd
                0x00000000       0x20 ..\obj\stm32f4xx_rcc.o
 .text.RCC_PLLI2SConfig
                0x00000000       0x28 ..\obj\stm32f4xx_rcc.o
 .text.RCC_PLLI2SCmd
                0x00000000       0x20 ..\obj\stm32f4xx_rcc.o
 .text.RCC_ClockSecuritySystemCmd
                0x00000000       0x20 ..\obj\stm32f4xx_rcc.o
 .text.RCC_MCO1Config
                0x00000000       0x3c ..\obj\stm32f4xx_rcc.o
 .text.RCC_MCO2Config
                0x00000000       0x3c ..\obj\stm32f4xx_rcc.o
 .text.RCC_SYSCLKConfig
                0x00000000       0x38 ..\obj\stm32f4xx_rcc.o
 .text.RCC_GetSYSCLKSource
                0x00000000       0x1c ..\obj\stm32f4xx_rcc.o
 .text.RCC_HCLKConfig
                0x00000000       0x38 ..\obj\stm32f4xx_rcc.o
 .text.RCC_PCLK1Config
                0x00000000       0x38 ..\obj\stm32f4xx_rcc.o
 .text.RCC_PCLK2Config
                0x00000000       0x38 ..\obj\stm32f4xx_rcc.o
 .text.RCC_RTCCLKConfig
                0x00000000       0x5c ..\obj\stm32f4xx_rcc.o
 .text.RCC_RTCCLKCmd
                0x00000000       0x20 ..\obj\stm32f4xx_rcc.o
 .text.RCC_BackupResetCmd
                0x00000000       0x20 ..\obj\stm32f4xx_rcc.o
 .text.RCC_I2SCLKConfig
                0x00000000       0x1c ..\obj\stm32f4xx_rcc.o
 .text.RCC_AHB2PeriphClockCmd
                0x00000000       0x3c ..\obj\stm32f4xx_rcc.o
 .text.RCC_AHB3PeriphClockCmd
                0x00000000       0x3c ..\obj\stm32f4xx_rcc.o
 .text.RCC_APB2PeriphClockCmd
                0x00000000       0x3c ..\obj\stm32f4xx_rcc.o
 .text.RCC_AHB1PeriphResetCmd
                0x00000000       0x3c ..\obj\stm32f4xx_rcc.o
 .text.RCC_AHB2PeriphResetCmd
                0x00000000       0x3c ..\obj\stm32f4xx_rcc.o
 .text.RCC_AHB3PeriphResetCmd
                0x00000000       0x3c ..\obj\stm32f4xx_rcc.o
 .text.RCC_APB1PeriphResetCmd
                0x00000000       0x3c ..\obj\stm32f4xx_rcc.o
 .text.RCC_APB2PeriphResetCmd
                0x00000000       0x3c ..\obj\stm32f4xx_rcc.o
 .text.RCC_AHB1PeriphClockLPModeCmd
                0x00000000       0x3c ..\obj\stm32f4xx_rcc.o
 .text.RCC_AHB2PeriphClockLPModeCmd
                0x00000000       0x3c ..\obj\stm32f4xx_rcc.o
 .text.RCC_AHB3PeriphClockLPModeCmd
                0x00000000       0x3c ..\obj\stm32f4xx_rcc.o
 .text.RCC_APB1PeriphClockLPModeCmd
                0x00000000       0x3c ..\obj\stm32f4xx_rcc.o
 .text.RCC_APB2PeriphClockLPModeCmd
                0x00000000       0x3c ..\obj\stm32f4xx_rcc.o
 .text.RCC_ITConfig
                0x00000000       0x4c ..\obj\stm32f4xx_rcc.o
 .text.RCC_GetFlagStatus
                0x00000000       0x74 ..\obj\stm32f4xx_rcc.o
 .text.RCC_ClearFlag
                0x00000000       0x1c ..\obj\stm32f4xx_rcc.o
 .text.RCC_GetITStatus
                0x00000000       0x34 ..\obj\stm32f4xx_rcc.o
 .text.RCC_ClearITPendingBit
                0x00000000       0x20 ..\obj\stm32f4xx_rcc.o
 .text          0x00000000        0x0 ..\obj\stm32f4xx_gpio.o
 .data          0x00000000        0x0 ..\obj\stm32f4xx_gpio.o
 .bss           0x00000000        0x0 ..\obj\stm32f4xx_gpio.o
 .text.GPIO_DeInit
                0x00000000      0x120 ..\obj\stm32f4xx_gpio.o
 .text.GPIO_StructInit
                0x00000000       0x34 ..\obj\stm32f4xx_gpio.o
 .text.GPIO_PinLockConfig
                0x00000000       0x44 ..\obj\stm32f4xx_gpio.o
 .text.GPIO_ReadInputDataBit
                0x00000000       0x34 ..\obj\stm32f4xx_gpio.o
 .text.GPIO_ReadInputData
                0x00000000       0x18 ..\obj\stm32f4xx_gpio.o
 .text.GPIO_ReadOutputData
                0x00000000       0x18 ..\obj\stm32f4xx_gpio.o
 .text.GPIO_ResetBits
                0x00000000       0x1c ..\obj\stm32f4xx_gpio.o
 .text.GPIO_WriteBit
                0x00000000       0x30 ..\obj\stm32f4xx_gpio.o
 .text.GPIO_Write
                0x00000000       0x1c ..\obj\stm32f4xx_gpio.o
 .text          0x00000000        0x0 ..\obj\system_stm32f4xx.o
 .data          0x00000000       0x14 ..\obj\system_stm32f4xx.o
 .bss           0x00000000        0x0 ..\obj\system_stm32f4xx.o
 .text.SystemCoreClockUpdate
                0x00000000       0xf8 ..\obj\system_stm32f4xx.o
 .text          0x00000000        0x0 ..\obj\stm32f4xx_exti.o
 .data          0x00000000        0x0 ..\obj\stm32f4xx_exti.o
 .bss           0x00000000        0x0 ..\obj\stm32f4xx_exti.o
 .text.EXTI_DeInit
                0x00000000       0x34 ..\obj\stm32f4xx_exti.o
 .text.EXTI_Init
                0x00000000       0xe4 ..\obj\stm32f4xx_exti.o
 .text.EXTI_StructInit
                0x00000000       0x2c ..\obj\stm32f4xx_exti.o
 .text.EXTI_GenerateSWInterrupt
                0x00000000       0x24 ..\obj\stm32f4xx_exti.o
 .text.EXTI_GetFlagStatus
                0x00000000       0x34 ..\obj\stm32f4xx_exti.o
 .text.EXTI_ClearFlag
                0x00000000       0x1c ..\obj\stm32f4xx_exti.o
 .text.EXTI_GetITStatus
                0x00000000       0x48 ..\obj\stm32f4xx_exti.o
 .text.EXTI_ClearITPendingBit
                0x00000000       0x1c ..\obj\stm32f4xx_exti.o
 .debug_info    0x00000000      0x357 ..\obj\stm32f4xx_exti.o
 .debug_abbrev  0x00000000      0x1a9 ..\obj\stm32f4xx_exti.o
 .debug_aranges
                0x00000000       0x58 ..\obj\stm32f4xx_exti.o
 .debug_ranges  0x00000000       0x48 ..\obj\stm32f4xx_exti.o
 .debug_line    0x00000000      0x319 ..\obj\stm32f4xx_exti.o
 .debug_str     0x00000000      0x36f ..\obj\stm32f4xx_exti.o
 .comment       0x00000000       0x6f ..\obj\stm32f4xx_exti.o
 .debug_frame   0x00000000      0x148 ..\obj\stm32f4xx_exti.o
 .ARM.attributes
                0x00000000       0x33 ..\obj\stm32f4xx_exti.o
 .text          0x00000000        0x0 ..\obj\misc.o
 .data          0x00000000        0x0 ..\obj\misc.o
 .bss           0x00000000        0x0 ..\obj\misc.o
 .text.NVIC_SetVectorTable
                0x00000000       0x2c ..\obj\misc.o
 .text.NVIC_SystemLPConfig
                0x00000000       0x40 ..\obj\misc.o
 .text.SysTick_CLKSourceConfig
                0x00000000       0x38 ..\obj\misc.o

Memory Configuration

Name             Origin             Length             Attributes
rom              0x08000000         0x00100000         xr
ram              0x20000000         0x00020000         xrw
ram1             0x10000000         0x00010000         xrw
*default*        0x00000000         0xffffffff

Linker script and memory map

                0x20020000                _eram = 0x20020000

.text           0x08000000      0xf50
 *(.isr_vector)
 .isr_vector    0x08000000      0x188 ..\obj\startup_stm32f4xx.o
                0x08000000                g_pfnVectors
 *(.text*)
 .text.USART_Init
                0x08000188      0x174 ..\obj\stm32f4xx_usart.o
                0x08000188                USART_Init
 .text.USART_Cmd
                0x080002fc       0x40 ..\obj\stm32f4xx_usart.o
                0x080002fc                USART_Cmd
 .text.USART_SendData
                0x0800033c       0x24 ..\obj\stm32f4xx_usart.o
                0x0800033c                USART_SendData
 .text.USART_ITConfig
                0x08000360       0x90 ..\obj\stm32f4xx_usart.o
                0x08000360                USART_ITConfig
 .text.USART_GetITStatus
                0x080003f0       0xb4 ..\obj\stm32f4xx_usart.o
                0x080003f0                USART_GetITStatus
 .text.Default_Reset_Handler
                0x080004a4       0x5c ..\obj\startup_stm32f4xx.o
                0x080004a4                Default_Reset_Handler
                0x080004a4                Reset_Handler
 .text.Default_Handler
                0x08000500        0x8 ..\obj\startup_stm32f4xx.o
                0x08000500                RTC_Alarm_IRQHandler
                0x08000500                HASH_RNG_IRQHandler
                0x08000500                EXTI2_IRQHandler
                0x08000500                TIM8_CC_IRQHandler
                0x08000500                DebugMon_Handler
                0x08000500                TIM1_CC_IRQHandler
                0x08000500                DMA2_Stream5_IRQHandler
                0x08000500                HardFault_Handler
                0x08000500                DMA1_Stream5_IRQHandler
                0x08000500                SysTick_Handler
                0x08000500                PVD_IRQHandler
                0x08000500                SDIO_IRQHandler
                0x08000500                TAMP_STAMP_IRQHandler
                0x08000500                PendSV_Handler
                0x08000500                NMI_Handler
                0x08000500                CAN2_RX1_IRQHandler
                0x08000500                EXTI3_IRQHandler
                0x08000500                TIM8_TRG_COM_TIM14_IRQHandler
                0x08000500                TIM1_UP_TIM10_IRQHandler
                0x08000500                TIM8_UP_TIM13_IRQHandler
                0x08000500                I2C3_ER_IRQHandler
                0x08000500                EXTI0_IRQHandler
                0x08000500                I2C2_EV_IRQHandler
                0x08000500                DMA1_Stream2_IRQHandler
                0x08000500                CAN1_RX0_IRQHandler
                0x08000500                FPU_IRQHandler
                0x08000500                OTG_HS_WKUP_IRQHandler
                0x08000500                UsageFault_Handler
                0x08000500                CAN2_SCE_IRQHandler
                0x08000500                DMA2_Stream2_IRQHandler
                0x08000500                SPI1_IRQHandler
                0x08000500                TIM6_DAC_IRQHandler
                0x08000500                TIM1_BRK_TIM9_IRQHandler
                0x08000500                DCMI_IRQHandler
                0x08000500                CAN2_RX0_IRQHandler
                0x08000500                DMA2_Stream3_IRQHandler
                0x08000500                USART6_IRQHandler
                0x08000500                CRYP_IRQHandler
                0x08000500                CAN1_RX1_IRQHandler
                0x08000500                UART5_IRQHandler
                0x08000500                DMA2_Stream0_IRQHandler
                0x08000500                TIM4_IRQHandler
                0x08000500                I2C1_EV_IRQHandler
                0x08000500                DMA1_Stream6_IRQHandler
                0x08000500                DMA1_Stream1_IRQHandler
                0x08000500                UART4_IRQHandler
                0x08000500                TIM3_IRQHandler
                0x08000500                RCC_IRQHandler
                0x08000500                TIM8_BRK_TIM12_IRQHandler
                0x08000500                EXTI15_10_IRQHandler
                0x08000500                ADC_IRQHandler
                0x08000500                DMA1_Stream7_IRQHandler
                0x08000500                TIM7_IRQHandler
                0x08000500                CAN2_TX_IRQHandler
                0x08000500                TIM5_IRQHandler
                0x08000500                DMA2_Stream7_IRQHandler
                0x08000500                I2C3_EV_IRQHandler
                0x08000500                EXTI9_5_IRQHandler
                0x08000500                RTC_WKUP_IRQHandler
                0x08000500                ETH_WKUP_IRQHandler
                0x08000500                SPI2_IRQHandler
                0x08000500                OTG_HS_EP1_IN_IRQHandler
                0x08000500                MemManage_Handler
                0x08000500                DMA1_Stream0_IRQHandler
                0x08000500                CAN1_TX_IRQHandler
                0x08000500                SVC_Handler
                0x08000500                EXTI4_IRQHandler
                0x08000500                FSMC_IRQHandler
                0x08000500                ETH_IRQHandler
                0x08000500                OTG_HS_EP1_OUT_IRQHandler
                0x08000500                WWDG_IRQHandler
                0x08000500                TIM2_IRQHandler
                0x08000500                OTG_FS_WKUP_IRQHandler
                0x08000500                TIM1_TRG_COM_TIM11_IRQHandler
                0x08000500                OTG_HS_IRQHandler
                0x08000500                EXTI1_IRQHandler
                0x08000500                USART2_IRQHandler
                0x08000500                I2C2_ER_IRQHandler
                0x08000500                DMA2_Stream1_IRQHandler
                0x08000500                CAN1_SCE_IRQHandler
                0x08000500                FLASH_IRQHandler
                0x08000500                DMA2_Stream4_IRQHandler
                0x08000500                BusFault_Handler
                0x08000500                USART1_IRQHandler
                0x08000500                OTG_FS_IRQHandler
                0x08000500                SPI3_IRQHandler
                0x08000500                DMA1_Stream4_IRQHandler
                0x08000500                I2C1_ER_IRQHandler
                0x08000500                DMA2_Stream6_IRQHandler
                0x08000500                DMA1_Stream3_IRQHandler
 .text.NVIC_EnableIRQ
                0x08000508       0x30 ..\obj\main.o
 .text.main     0x08000538       0x18 ..\obj\main.o
                0x08000538                main
 .text.configureUART
                0x08000550       0xc0 ..\obj\main.o
                0x08000550                configureUART
 .text.configureRelays
                0x08000610       0x50 ..\obj\main.o
                0x08000610                configureRelays
 .text.USART3_IRQHandler
                0x08000660      0x148 ..\obj\main.o
                0x08000660                USART3_IRQHandler
 .text.initESP  0x080007a8       0x50 ..\obj\main.o
                0x080007a8                initESP
 .text.delay    0x080007f8       0x2c ..\obj\main.o
                0x080007f8                delay
 .text.sendUARTmsg
                0x08000824       0x48 ..\obj\main.o
                0x08000824                sendUARTmsg
 .text.RCC_GetClocksFreq
                0x0800086c      0x154 ..\obj\stm32f4xx_rcc.o
                0x0800086c                RCC_GetClocksFreq
 .text.RCC_AHB1PeriphClockCmd
                0x080009c0       0x3c ..\obj\stm32f4xx_rcc.o
                0x080009c0                RCC_AHB1PeriphClockCmd
 .text.RCC_APB1PeriphClockCmd
                0x080009fc       0x3c ..\obj\stm32f4xx_rcc.o
                0x080009fc                RCC_APB1PeriphClockCmd
 .text.GPIO_Init
                0x08000a38      0x11c ..\obj\stm32f4xx_gpio.o
                0x08000a38                GPIO_Init
 .text.GPIO_ReadOutputDataBit
                0x08000b54       0x34 ..\obj\stm32f4xx_gpio.o
                0x08000b54                GPIO_ReadOutputDataBit
 .text.GPIO_SetBits
                0x08000b88       0x1c ..\obj\stm32f4xx_gpio.o
                0x08000b88                GPIO_SetBits
 .text.GPIO_ToggleBits
                0x08000ba4       0x24 ..\obj\stm32f4xx_gpio.o
                0x08000ba4                GPIO_ToggleBits
 .text.GPIO_PinAFConfig
                0x08000bc8       0x90 ..\obj\stm32f4xx_gpio.o
                0x08000bc8                GPIO_PinAFConfig
 .text.SystemInit
                0x08000c58       0x5c ..\obj\system_stm32f4xx.o
                0x08000c58                SystemInit
 .text.SetSysClock
                0x08000cb4       0xf4 ..\obj\system_stm32f4xx.o
 .text.NVIC_PriorityGroupConfig
                0x08000da8       0x24 ..\obj\misc.o
                0x08000da8                NVIC_PriorityGroupConfig
 .text.NVIC_Init
                0x08000dcc       0xc0 ..\obj\misc.o
                0x08000dcc                NVIC_Init
 *(.init)
 *(.fini)
 *crtbegin.o(.ctors)
 *crtbegin?.o(.ctors)
 *(EXCLUDE_FILE(*crtend.o *crtend?.o) .ctors)
 *(SORT(.ctors.*))
 *(.ctors)
 *crtbegin.o(.dtors)
 *crtbegin?.o(.dtors)
 *(EXCLUDE_FILE(*crtend.o *crtend?.o) .dtors)
 *(SORT(.dtors.*))
 *(.dtors)
 *(.rodata*)
 .rodata        0x08000e8c       0xc4 ..\obj\main.o
 *(.eh_fram e*)

.glue_7         0x08000f50        0x0
 .glue_7        0x08000f50        0x0 linker stubs

.glue_7t        0x08000f50        0x0
 .glue_7t       0x08000f50        0x0 linker stubs

.vfp11_veneer   0x08000f50        0x0
 .vfp11_veneer  0x08000f50        0x0 linker stubs

.v4_bx          0x08000f50        0x0
 .v4_bx         0x08000f50        0x0 linker stubs

.iplt           0x08000f50        0x0
 .iplt          0x08000f50        0x0 ..\obj\stm32f4xx_syscfg.o

.rel.dyn        0x08000f50        0x0
 .rel.iplt      0x08000f50        0x0 ..\obj\stm32f4xx_syscfg.o

.ARM.extab
 *(.ARM.extab* .gnu.linkonce.armextab.*)
                0x08000f50                __exidx_start = .

.ARM.exidx
 *(.ARM.exidx* .gnu.linkonce.armexidx.*)
                0x08000f50                __exidx_end = .
                0x08000f50                __etext = .
                0x08000f50                _sidata = __etext

.data           0x20000000       0x10 load address 0x08000f50
                0x20000000                __data_start__ = .
                0x20000000                _sdata = __data_start__
 *(vtable)
 *(.data*)
 .data          0x20000000       0x10 ..\obj\stm32f4xx_rcc.o
                0x20000010                . = ALIGN (0x4)
                [!provide]                PROVIDE (__preinit_array_start, .)
 *(.preinit_array)
                [!provide]                PROVIDE (__preinit_array_end, .)
                0x20000010                . = ALIGN (0x4)
                [!provide]                PROVIDE (__init_array_start, .)
 *(SORT(.init_array.*))
 *(.init_array)
                [!provide]                PROVIDE (__init_array_end, .)
                0x20000010                . = ALIGN (0x4)
                [!provide]                PROVIDE (__fini_array_start, .)
 *(SORT(.fini_array.*))
 *(.fini_array)
                [!provide]                PROVIDE (__fini_array_end, .)
 *(.jcr*)
                0x20000010                . = ALIGN (0x4)
                0x20000010                __data_end__ = .
                0x20000010                _edata = __data_end__

.igot.plt       0x20000010        0x0 load address 0x08000f60
 .igot.plt      0x20000010        0x0 ..\obj\stm32f4xx_syscfg.o

.bss            0x20000010        0x0
                0x20000010                . = ALIGN (0x4)
                0x20000010                __bss_start__ = .
                0x20000010                _sbss = __bss_start__
 *(.bss*)
 *(COMMON)
                0x20000010                . = ALIGN (0x4)
                0x20000010                __bss_end__ = .
                0x20000010                _ebss = __bss_end__

.heap           0x20000010        0x0
                0x20000010                __end__ = .
                0x20000010                _end = __end__
                0x20000010                end = __end__
 *(.heap*)
                0x20000010                __HeapLimit = .

.co_stack       0x20000010      0x800 load address 0x08000f60
                0x20000010                . = ALIGN (0x8)
 *(.co_stack .co_stack.*)
 .co_stack      0x20000010      0x800 ..\obj\startup_stm32f4xx.o
                0x20000010                pulStack
                0x20020000                __StackTop = (ORIGIN (ram) + LENGTH (ram))
                0x2001f800                __StackLimit = (__StackTop - SIZEOF (.co_stack))
                [!provide]                PROVIDE (__stack, __StackTop)
                0x00000001                ASSERT ((__StackLimit >= __HeapLimit), region ram  overflowed with stack)
LOAD ..\obj\stm32f4xx_syscfg.o
LOAD ..\obj\stm32f4xx_usart.o
LOAD ..\obj\startup_stm32f4xx.o
LOAD ..\obj\main.o
LOAD ..\obj\stm32f4xx_rcc.o
LOAD ..\obj\stm32f4xx_gpio.o
LOAD ..\obj\system_stm32f4xx.o
LOAD ..\obj\stm32f4xx_exti.o
LOAD ..\obj\misc.o
START GROUP
LOAD d:/program files (x86)/gnu tools arm embedded/5.4 2016q3/bin/../lib/gcc/arm-none-eabi/5.4.1/armv7e-m\libgcc.a
LOAD d:/program files (x86)/gnu tools arm embedded/5.4 2016q3/bin/../lib/gcc/arm-none-eabi/5.4.1/../../../../arm-none-eabi/lib/armv7e-m\libg.a
LOAD d:/program files (x86)/gnu tools arm embedded/5.4 2016q3/bin/../lib/gcc/arm-none-eabi/5.4.1/../../../../arm-none-eabi/lib/armv7e-m\libc.a
END GROUP
OUTPUT(ESP8266.elf elf32-littlearm)

.debug_info     0x00000000     0x317d
 .debug_info    0x00000000      0x9ca ..\obj\stm32f4xx_usart.o
 .debug_info    0x000009ca       0xf2 ..\obj\startup_stm32f4xx.o
 .debug_info    0x00000abc      0x929 ..\obj\main.o
 .debug_info    0x000013e5      0xc63 ..\obj\stm32f4xx_rcc.o
 .debug_info    0x00002048      0x61a ..\obj\stm32f4xx_gpio.o
 .debug_info    0x00002662      0x5c5 ..\obj\system_stm32f4xx.o
 .debug_info    0x00002c27      0x556 ..\obj\misc.o

.debug_abbrev   0x00000000      0xa49
 .debug_abbrev  0x00000000      0x157 ..\obj\stm32f4xx_usart.o
 .debug_abbrev  0x00000157       0xb0 ..\obj\startup_stm32f4xx.o
 .debug_abbrev  0x00000207      0x237 ..\obj\main.o
 .debug_abbrev  0x0000043e      0x1e5 ..\obj\stm32f4xx_rcc.o
 .debug_abbrev  0x00000623      0x1a7 ..\obj\stm32f4xx_gpio.o
 .debug_abbrev  0x000007ca      0x138 ..\obj\system_stm32f4xx.o
 .debug_abbrev  0x00000902      0x147 ..\obj\misc.o

.debug_aranges  0x00000000      0x3f0
 .debug_aranges
                0x00000000      0x100 ..\obj\stm32f4xx_usart.o
 .debug_aranges
                0x00000100       0x28 ..\obj\startup_stm32f4xx.o
 .debug_aranges
                0x00000128       0x58 ..\obj\main.o
 .debug_aranges
                0x00000180      0x178 ..\obj\stm32f4xx_rcc.o
 .debug_aranges
                0x000002f8       0x88 ..\obj\stm32f4xx_gpio.o
 .debug_aranges
                0x00000380       0x30 ..\obj\system_stm32f4xx.o
 .debug_aranges
                0x000003b0       0x40 ..\obj\misc.o

.debug_ranges   0x00000000      0x380
 .debug_ranges  0x00000000       0xf0 ..\obj\stm32f4xx_usart.o
 .debug_ranges  0x000000f0       0x18 ..\obj\startup_stm32f4xx.o
 .debug_ranges  0x00000108       0x48 ..\obj\main.o
 .debug_ranges  0x00000150      0x168 ..\obj\stm32f4xx_rcc.o
 .debug_ranges  0x000002b8       0x78 ..\obj\stm32f4xx_gpio.o
 .debug_ranges  0x00000330       0x20 ..\obj\system_stm32f4xx.o
 .debug_ranges  0x00000350       0x30 ..\obj\misc.o

.debug_line     0x00000000     0x1848
 .debug_line    0x00000000      0x531 ..\obj\stm32f4xx_usart.o
 .debug_line    0x00000531       0xb7 ..\obj\startup_stm32f4xx.o
 .debug_line    0x000005e8      0x387 ..\obj\main.o
 .debug_line    0x0000096f      0x61d ..\obj\stm32f4xx_rcc.o
 .debug_line    0x00000f8c      0x3d8 ..\obj\stm32f4xx_gpio.o
 .debug_line    0x00001364      0x22e ..\obj\system_stm32f4xx.o
 .debug_line    0x00001592      0x2b6 ..\obj\misc.o

.debug_str      0x00000000     0x1959
 .debug_str     0x00000000      0x62a ..\obj\stm32f4xx_usart.o
                                0x6a5 (size before relaxing)
 .debug_str     0x0000062a       0xc6 ..\obj\startup_stm32f4xx.o
                                0x15d (size before relaxing)
 .debug_str     0x000006f0      0x843 ..\obj\main.o
                                0xaa0 (size before relaxing)
 .debug_str     0x00000f33      0x5f9 ..\obj\stm32f4xx_rcc.o
                                0x866 (size before relaxing)
 .debug_str     0x0000152c      0x1b9 ..\obj\stm32f4xx_gpio.o
                                0x4b9 (size before relaxing)
 .debug_str     0x000016e5      0x12e ..\obj\system_stm32f4xx.o
                                0x3c0 (size before relaxing)
 .debug_str     0x00001813      0x146 ..\obj\misc.o
                                0x3e4 (size before relaxing)

.comment        0x00000000       0x6e
 .comment       0x00000000       0x6e ..\obj\stm32f4xx_usart.o
                                 0x6f (size before relaxing)
 .comment       0x0000006e       0x6f ..\obj\startup_stm32f4xx.o
 .comment       0x0000006e       0x6f ..\obj\main.o
 .comment       0x0000006e       0x6f ..\obj\stm32f4xx_rcc.o
 .comment       0x0000006e       0x6f ..\obj\stm32f4xx_gpio.o
 .comment       0x0000006e       0x6f ..\obj\system_stm32f4xx.o
 .comment       0x0000006e       0x6f ..\obj\misc.o

.ARM.attributes
                0x00000000       0x33
 .ARM.attributes
                0x00000000       0x33 ..\obj\stm32f4xx_usart.o
 .ARM.attributes
                0x00000033       0x33 ..\obj\startup_stm32f4xx.o
 .ARM.attributes
                0x00000066       0x33 ..\obj\main.o
 .ARM.attributes
                0x00000099       0x33 ..\obj\stm32f4xx_rcc.o
 .ARM.attributes
                0x000000cc       0x33 ..\obj\stm32f4xx_gpio.o
 .ARM.attributes
                0x000000ff       0x33 ..\obj\system_stm32f4xx.o
 .ARM.attributes
                0x00000132       0x33 ..\obj\misc.o

.debug_frame    0x00000000     0x1068
 .debug_frame   0x00000000      0x490 ..\obj\stm32f4xx_usart.o
 .debug_frame   0x00000490       0x4c ..\obj\startup_stm32f4xx.o
 .debug_frame   0x000004dc      0x128 ..\obj\main.o
 .debug_frame   0x00000604      0x6d4 ..\obj\stm32f4xx_rcc.o
 .debug_frame   0x00000cd8      0x23c ..\obj\stm32f4xx_gpio.o
 .debug_frame   0x00000f14       0x7c ..\obj\system_stm32f4xx.o
 .debug_frame   0x00000f90       0xd8 ..\obj\misc.o
